// Jest Snapshot v1, https://goo.gl/fbAQLP

exports[`App renders appropriately 1`] = `<connect />`;

exports[`Creates store 1`] = `<store />`;

exports[`Opperation loads correctly 1`] = `<performOp />`;
